[2026-04-29 08:07:02.687][INFO] Graph context initialized.
[2026-04-29 08:08:02.058][INFO] Graph context initialized.
[2026-04-29 08:08:05.605][INFO] Tenant metadata loaded. | data={"domains":["intune.cc","intune.testejetzt.at","intunecc.mail.onmicrosoft.com","intunecc.onmicrosoft.com"],"displayName":"Base-IT Intune.cc"}
[2026-04-29 08:08:06.624][INFO] OAuth grants retrieved. | data={"count":214}
[2026-04-29 08:08:08.972][INFO] Directory objects retrieved. | data={"count":195}
[2026-04-29 08:08:39.378][INFO] Service principal metadata retrieved. | data={"count":182}
[2026-04-29 08:08:40.379][INFO] Applications list retrieved. | data={"count":351}
[2026-04-29 08:08:41.332][INFO] Stale app indicators retrieved. | data={"appIds":191,"spIds":191}
[2026-04-29 08:14:24.233][INFO] Graph context initialized.
[2026-04-29 08:14:24.670][INFO] Tenant metadata loaded. | data={"domains":["intune.cc","intune.testejetzt.at","intunecc.mail.onmicrosoft.com","intunecc.onmicrosoft.com"],"displayName":"Base-IT Intune.cc"}
[2026-04-29 08:14:25.065][INFO] OAuth grants retrieved. | data={"count":214}
[2026-04-29 08:14:26.334][INFO] Directory objects retrieved. | data={"count":195}
[2026-04-29 08:14:55.050][INFO] Service principal metadata retrieved. | data={"count":182}
[2026-04-29 08:14:56.102][INFO] Applications list retrieved. | data={"count":351}
[2026-04-29 08:14:56.900][INFO] Stale app indicators retrieved. | data={"appIds":191,"spIds":191}
[2026-04-29 08:14:56.910][ERROR] Failed to build summary for client. | data={"clientId":"019a46d2-2dc9-4d11-8031-83fa0e7375ca","line":546,"error":"The property 'AppOwnerOrgId' cannot be found on this object. Verify that the property exists."}
[2026-04-29 08:15:49.897][INFO] Graph context initialized.
[2026-04-29 08:15:50.369][INFO] Tenant metadata loaded. | data={"domains":["intune.cc","intune.testejetzt.at","intunecc.mail.onmicrosoft.com","intunecc.onmicrosoft.com"],"displayName":"Base-IT Intune.cc"}
[2026-04-29 08:15:50.922][INFO] OAuth grants retrieved. | data={"count":214}
[2026-04-29 08:15:51.850][INFO] Directory objects retrieved. | data={"count":195}
[2026-04-29 08:16:20.687][INFO] Service principal metadata retrieved. | data={"count":182}
[2026-04-29 08:16:21.670][INFO] Applications list retrieved. | data={"count":351}
[2026-04-29 08:16:22.723][INFO] Stale app indicators retrieved. | data={"appIds":191,"spIds":191}
[2026-04-29 08:18:46.175][INFO] Graph context initialized.
[2026-04-29 08:18:46.964][INFO] Tenant metadata loaded. | data={"domains":["intune.cc","intune.testejetzt.at","intunecc.mail.onmicrosoft.com","intunecc.onmicrosoft.com"],"displayName":"Base-IT Intune.cc"}
[2026-04-29 08:18:47.267][INFO] OAuth grants retrieved. | data={"count":214}
[2026-04-29 08:18:50.806][INFO] Directory objects retrieved. | data={"count":195}
[2026-04-29 08:19:31.302][INFO] Service principal metadata retrieved. | data={"count":182}
[2026-04-29 08:19:32.379][INFO] Applications list retrieved. | data={"count":351}
[2026-04-29 08:19:32.981][INFO] Stale app indicators retrieved. | data={"appIds":191,"spIds":191}
[2026-04-29 08:27:14.892][INFO] Graph context initialized.
[2026-04-29 08:27:15.203][INFO] Tenant metadata loaded. | data={"domains":["intune.cc","intune.testejetzt.at","intunecc.mail.onmicrosoft.com","intunecc.onmicrosoft.com"],"displayName":"Base-IT Intune.cc"}
[2026-04-29 08:27:15.812][INFO] OAuth grants retrieved. | data={"count":214}
[2026-04-29 08:27:16.832][INFO] Directory objects retrieved. | data={"count":195}
[2026-04-29 08:27:46.032][INFO] Service principal metadata retrieved. | data={"count":182}
[2026-04-29 08:27:46.908][INFO] Applications list retrieved. | data={"count":351}
[2026-04-29 08:27:47.608][INFO] Stale app indicators retrieved. | data={"appIds":191,"spIds":191}
[2026-04-29 08:33:29.062][INFO] Graph context initialized.
[2026-04-29 08:33:29.478][INFO] Tenant metadata loaded. | data={"domains":["intune.cc","intune.testejetzt.at","intunecc.mail.onmicrosoft.com","intunecc.onmicrosoft.com"],"displayName":"Base-IT Intune.cc"}
[2026-04-29 08:33:29.891][INFO] OAuth grants retrieved. | data={"count":214}
[2026-04-29 08:33:31.000][INFO] Directory objects retrieved. | data={"count":195}
[2026-04-29 08:34:02.405][INFO] Service principal metadata retrieved. | data={"count":182}
[2026-04-29 08:34:03.363][INFO] Applications list retrieved. | data={"count":351}
[2026-04-29 08:34:04.002][INFO] Stale app indicators retrieved. | data={"appIds":191,"spIds":191}
[2026-04-29 08:41:53.804][INFO] Graph context initialized.
[2026-04-29 08:41:54.371][INFO] Tenant metadata loaded. | data={"domains":["intune.cc","intune.testejetzt.at","intunecc.mail.onmicrosoft.com","intunecc.onmicrosoft.com"],"displayName":"Base-IT Intune.cc"}
[2026-04-29 08:41:54.707][INFO] OAuth grants retrieved. | data={"count":214}
[2026-04-29 08:41:55.933][INFO] Directory objects retrieved. | data={"count":195}
[2026-04-29 08:42:26.670][INFO] Service principal metadata retrieved. | data={"count":182}
[2026-04-29 08:42:27.685][INFO] Applications list retrieved. | data={"count":351}
[2026-04-29 08:42:28.739][INFO] Stale app indicators retrieved. | data={"appIds":191,"spIds":191}
[2026-04-29 08:47:45.738][INFO] Graph context initialized.
[2026-04-29 08:47:46.047][INFO] Tenant metadata loaded. | data={"domains":["intune.cc","intune.testejetzt.at","intunecc.mail.onmicrosoft.com","intunecc.onmicrosoft.com"],"displayName":"Base-IT Intune.cc"}
[2026-04-29 08:47:46.490][INFO] OAuth grants retrieved. | data={"count":214}
[2026-04-29 08:47:47.604][INFO] Directory objects retrieved. | data={"count":195}
[2026-04-29 08:48:17.367][INFO] Service principal metadata retrieved. | data={"count":182}
[2026-04-29 08:48:18.311][INFO] Applications list retrieved. | data={"count":351}
[2026-04-29 08:48:19.211][INFO] Stale app indicators retrieved. | data={"appIds":191,"spIds":191}
[2026-04-29 09:04:29.825][INFO] Graph context initialized.
[2026-04-29 09:04:30.167][INFO] Tenant metadata loaded. | data={"domains":["intune.cc","intune.testejetzt.at","intunecc.mail.onmicrosoft.com","intunecc.onmicrosoft.com"],"displayName":"Base-IT Intune.cc"}
[2026-04-29 09:04:30.419][INFO] OAuth grants retrieved. | data={"count":213}
[2026-04-29 09:04:31.778][INFO] Directory objects retrieved. | data={"count":195}
[2026-04-29 09:05:02.039][INFO] Service principal metadata retrieved. | data={"count":182}
[2026-04-29 09:05:03.069][INFO] Applications list retrieved. | data={"count":351}
[2026-04-29 09:05:03.908][INFO] Stale app indicators retrieved. | data={"appIds":191,"spIds":191}
[2026-04-29 09:36:31.586][INFO] Graph context initialized.
[2026-04-29 09:36:32.037][INFO] Tenant metadata loaded. | data={"domains":["intune.cc","intune.testejetzt.at","intunecc.mail.onmicrosoft.com","intunecc.onmicrosoft.com"],"displayName":"Base-IT Intune.cc"}
[2026-04-29 09:36:32.361][INFO] OAuth grants retrieved. | data={"count":213}
[2026-04-29 09:36:33.789][INFO] Directory objects retrieved. | data={"count":195}
[2026-04-29 09:37:04.386][INFO] Service principal metadata retrieved. | data={"count":182}
[2026-04-29 09:37:05.287][INFO] Applications list retrieved. | data={"count":351}
[2026-04-29 09:37:06.187][INFO] Stale app indicators retrieved. | data={"appIds":191,"spIds":191}
[2026-04-29 09:50:34.145][INFO] Graph context initialized.
[2026-04-29 09:50:34.547][INFO] Tenant metadata loaded. | data={"domains":["intune.cc","intune.testejetzt.at","intunecc.mail.onmicrosoft.com","intunecc.onmicrosoft.com"],"displayName":"Base-IT Intune.cc"}
[2026-04-29 09:50:35.838][INFO] OAuth grants retrieved. | data={"count":213}
[2026-04-29 09:50:37.193][INFO] Directory objects retrieved. | data={"count":195}
[2026-04-29 09:51:05.408][INFO] Service principal metadata retrieved. | data={"count":182}
[2026-04-29 09:51:06.670][INFO] Applications list retrieved. | data={"count":351}
[2026-04-29 09:51:07.502][INFO] Stale app indicators retrieved. | data={"appIds":191,"spIds":191}
[2026-04-29 09:56:18.744][INFO] Graph context initialized.
[2026-04-29 09:56:19.856][INFO] Tenant metadata loaded. | data={"domains":["intune.cc","intune.testejetzt.at","intunecc.mail.onmicrosoft.com","intunecc.onmicrosoft.com"],"displayName":"Base-IT Intune.cc"}
[2026-04-29 09:56:20.522][INFO] OAuth grants retrieved. | data={"count":213}
[2026-04-29 09:56:21.701][INFO] Directory objects retrieved. | data={"count":195}
[2026-04-29 09:56:51.885][INFO] Service principal metadata retrieved. | data={"count":182}
[2026-04-29 09:56:54.105][INFO] Applications list retrieved. | data={"count":351}
[2026-04-29 09:56:54.841][INFO] Stale app indicators retrieved. | data={"appIds":191,"spIds":191}
